<k>
  lambda y . ( ( lambda x . lambda y . ( x y ) ) y ) ~> .K
</k>
