<k>
  ( lambda x . ( x x ) ) lambda x . ( x x ) ~> .K
</k>
