<T>
  <k>
    int n , sum , .Ids ; n = 100 ; sum = 0 ; while ( ! n <= 0 ) { sum = sum + n ; n = n + - 1 ; } ~> .K
  </k>
  <state>
    .Map
  </state>
</T>
