  {
    V:K
  #Equals
    32 ~> .K
  }
#Or
  {
    V:K
  #Equals
    33 ~> .K
  }
