  {
    V:K
  #Equals
    3 ~> .K
  }
#Or
  {
    V:K
  #Equals
    4 ~> .K
  }
