  {
    Result:GeneratedTopCell
  #Equals
    <T>
      <k>
        ++ x ~> #freezer_/__IMP-SYNTAX_AExp_AExp_AExp0_ ( 1 ~> .K ) ~> #freezer_/__IMP-SYNTAX_AExp_AExp_AExp1_ ( ++ x ~> .K ) ~> #freezer_=_;_IMP-SYNTAX_Stmt_Id_AExp1_ ( y ~> .K ) ~> .K
      </k>
      <state>
        x |-> 1
        y |-> 0
      </state>
    </T>
  }
#Or
  {
    Result:GeneratedTopCell
  #Equals
    <T>
      <k>
        ++ x ~> #freezer_/__IMP-SYNTAX_AExp_AExp_AExp0_ ( ++ x / x ~> .K ) ~> #freezer_=_;_IMP-SYNTAX_Stmt_Id_AExp1_ ( y ~> .K ) ~> .K
      </k>
      <state>
        x |-> 1
        y |-> 0
      </state>
    </T>
  }
#Or
  {
    Result:GeneratedTopCell
  #Equals
    <T>
      <k>
        ++ x ~> #freezer_/__IMP-SYNTAX_AExp_AExp_AExp0_ ( x ~> .K ) ~> #freezer_/__IMP-SYNTAX_AExp_AExp_AExp1_ ( ++ x ~> .K ) ~> #freezer_=_;_IMP-SYNTAX_Stmt_Id_AExp1_ ( y ~> .K ) ~> .K
      </k>
      <state>
        x |-> 1
        y |-> 0
      </state>
    </T>
  }
