<T>
  <k>
    print ( "x = " , .Ids ) ; ~> x = read ( ) ; ~> spawn x = x / 2 ; ~> spawn x = x + 10 ; ~> print ( x , "\n" , .Ids ) ; ~> .K
  </k>
  <state>
    x |-> 0
  </state>
</T>
