<T>
  <k>
    stmt ~> .K
  </k>
  <tenv>
    m |-> int
    n |-> int
    q |-> int
    r |-> int
    s |-> int
  </tenv>
</T>
