<T>
  <k>
    stmt ~> .K
  </k>
  <tenv>
    x |-> int
    y |-> int
  </tenv>
</T>
