<T>
  <k>
    stmt ~> .K
  </k>
  <tenv>
    i |-> int
    m |-> int
    n |-> int
    q |-> int
    r |-> int
    s |-> int
    t |-> int
    x |-> int
    y |-> int
    z |-> int
  </tenv>
</T>
