<T>
  <k>
    stmt ~> .K
  </k>
  <tenv>
    t1 |-> int
    t2 |-> int
    x |-> int
  </tenv>
</T>
