<T>
  <k>
    stmt ~> .K
  </k>
  <tenv>
    n |-> int
    sum |-> int
  </tenv>
</T>
