  {
    Result:GeneratedTopCell
  #Equals
    <T>
      <k>
        .K
      </k>
      <env>
        x |-> 0
        y |-> 1
      </env>
      <store>
        0 |-> 3
        1 |-> 1
      </store>
      <input>
        ListItem ( #buffer ( "\n" ~> .K ) )
        ListItem ( "off" )
        ListItem ( #istream ( 0 ) )
      </input>
      <output>
        ListItem ( #ostream ( 1 ) )
        ListItem ( "off" )
        ListItem ( #buffer ( "" ~> .K ) )
      </output>
    </T>
  }
#Or
  {
    Result:GeneratedTopCell
  #Equals
    <T>
      <k>
        .K
      </k>
      <env>
        x |-> 0
        y |-> 1
      </env>
      <store>
        0 |-> 3
        1 |-> 2
      </store>
      <input>
        ListItem ( #buffer ( "\n" ~> .K ) )
        ListItem ( "off" )
        ListItem ( #istream ( 0 ) )
      </input>
      <output>
        ListItem ( #ostream ( 1 ) )
        ListItem ( "off" )
        ListItem ( #buffer ( "" ~> .K ) )
      </output>
    </T>
  }
#Or
  {
    Result:GeneratedTopCell
  #Equals
    <T>
      <k>
        .K
      </k>
      <env>
        x |-> 0
        y |-> 1
      </env>
      <store>
        0 |-> 3
        1 |-> 3
      </store>
      <input>
        ListItem ( #buffer ( "\n" ~> .K ) )
        ListItem ( "off" )
        ListItem ( #istream ( 0 ) )
      </input>
      <output>
        ListItem ( #ostream ( 1 ) )
        ListItem ( "off" )
        ListItem ( #buffer ( "" ~> .K ) )
      </output>
    </T>
  }
